exports[`test Should renders correctly 1`] = `
<div
  className="About">
  <div
    className="hero-section-text">
    <h1>
      Quote of the day
    </h1>
    <p
      className="my-description">
      Some people want it to happen, some wish it would happen, others make it happen.
    </p>
  </div>
</div>
`;
